Info: Starting: Create block symbol file (.bsf)
Info: qsys-generate C:\Intel\ADC_TEST3\adc.qsys --block-symbol-file --output-directory=C:\Intel\ADC_TEST3\adc --family="Cyclone V" --part=5CSXFC6D6F31C6
Progress: Loading ADC_TEST3/adc.qsys
Progress: Reading input file
Progress: Adding adc_mega_0 [altera_up_avalon_adc_mega 18.0]
Progress: Parameterizing module adc_mega_0
Progress: Building connections
Progress: Parameterizing connections
Progress: Validating
Progress: Done reading input file
Info: qsys-generate succeeded.
Info: Finished: Create block symbol file (.bsf)
Info: 
Info: Starting: Create HDL design files for synthesis
Info: qsys-generate C:\Intel\ADC_TEST3\adc.qsys --synthesis=VERILOG --output-directory=C:\Intel\ADC_TEST3\adc\synthesis --family="Cyclone V" --part=5CSXFC6D6F31C6
Progress: Loading ADC_TEST3/adc.qsys
Progress: Reading input file
Progress: Adding adc_mega_0 [altera_up_avalon_adc_mega 18.0]
Progress: Parameterizing module adc_mega_0
Progress: Building connections
Progress: Parameterizing connections
Progress: Validating
Progress: Done reading input file
Info: adc: Generating adc "adc" for QUARTUS_SYNTH
Info: adc_mega_0: Starting Generation of ADC Controller for DE-series Board
Info: adc_mega_0: C:/quartus/ip/altera/university_program/input_output/altera_up_avalon_adc/hdl/altera_up_avalon_adv_adc.v C:/Users/delta/AppData/Local/Temp/alt8616_6761636795283886900.dir/0002_sopcgen/adc_adc_mega_0.v
Info: adc_mega_0: "adc" instantiated altera_up_avalon_adc_mega "adc_mega_0"
Info: adc: Done "adc" with 2 modules, 3 files
Info: qsys-generate succeeded.
Info: Finished: Create HDL design files for synthesis
